// Jest Snapshot v1, https://goo.gl/fbAQLP

exports[`TmDataLoading has the expected html structure 1`] = `
<div class="tm-data-msg">
  <div class="tm-data-msg__icon">
    <i class="material-icons fa-spin">rotate_right</i>
  </div>
  <div class="tm-data-msg__text">
    <div class="tm-data-msg__title">
      <div>
        Data is loadingâ€¦
      </div>
    </div>
    <div class="tm-data-msg__subtitle">
      <div>
        Please wait a moment.
      </div>
    </div>
  </div>
</div>
`;
