// Jest Snapshot v1, https://goo.gl/fbAQLP

exports[`TmDataMsg has the expected html structure 1`] = `
<div class="tm-data-msg">
  <div class="tm-data-msg__icon">
    <i class="material-icons">help</i>
  </div>
  <div class="tm-data-msg__text">
    <div class="tm-data-msg__title">
      sOmEtHiNg Is HaPpEnIng!!!
    </div>
    <div class="tm-data-msg__subtitle">
      Oh my! What could it be?
    </div>
  </div>
</div>
`;
