// Jest Snapshot v1, https://goo.gl/fbAQLP

exports[`TmDataEmpty has the expected html structure 1`] = `
<div class="tm-data-msg">
  <div class="tm-data-msg__icon">
    <i class="material-icons">info_outline</i>
  </div>
  <div class="tm-data-msg__text">
    <div class="tm-data-msg__title">
      <h4>
        N/A
      </h4>
    </div>
    <div class="tm-data-msg__subtitle">
      <h5>
        No data available yet.
      </h5>
    </div>
  </div>
</div>
`;
