// Jest Snapshot v1, https://goo.gl/fbAQLP

exports[`TmFieldGroup has the expected html structure 1`] = `
<div class="tm-field-group">
  <input placeholder="Fake" class="fake-field">
</div>
`;
