// Jest Snapshot v1, https://goo.gl/fbAQLP

exports[`TmFormGroup has the expected html structure 1`] = `
<div class="tm-form-group tm-form-group--error">
  <!---->
  <label for="sign-in-password" class="tm-form-group__label">Sign In Password</label>
  <div class="tm-form-group__field">
    <input value="fake" class="fake-field">
  </div>
</div>
`;
