// Jest Snapshot v1, https://goo.gl/fbAQLP

exports[`TmTabBar has the expected html structure 1`] = `
<div
  class="tm-tab-bar"
>
  <div
    class="tm-tab-bar-container"
  >
    <div>
      slot
    </div>
  </div>
</div>
`;
