// Jest Snapshot v1, https://goo.gl/fbAQLP

exports[`TmTextContainer.vue has the expected html structure 1`] = `
<div class="tm-text">
  <div class="tm-text-container"></div>
</div>
`;
